../Core/Src/ApplicationCode.c:19:6:ApplicationInit	8	static
../Core/Src/ApplicationCode.c:39:6:LCD_Visual_Demo	8	static
../Core/Src/ApplicationCode.c:44:6:LCD_Start_Screen	8	static
../Core/Src/ApplicationCode.c:51:6:LCD_Select_Color_Screen	8	static
../Core/Src/ApplicationCode.c:57:6:LCD_Game_Screen	8	static
../Core/Src/ApplicationCode.c:65:6:LCD_Score_Screen	8	static
../Core/Src/ApplicationCode.c:71:6:buttonInit	8	static
../Core/Src/ApplicationCode.c:76:6:LCD_Touch_Polling_Demo	8	static
../Core/Src/ApplicationCode.c:94:6:LCD_TOUCH_POLLING_DEMO	8	static
../Core/Src/ApplicationCode.c:110:6:LCD_Polling_Mode	8	static
../Core/Src/ApplicationCode.c:121:6:LCD_Polling_Color	8	static
../Core/Src/ApplicationCode.c:137:6:LCD_Touch_Polling_Game	8	static
../Core/Src/ApplicationCode.c:154:6:LCD_Polling_Restart	8	static
../Core/Src/ApplicationCode.c:167:6:EXTI0_IRQHandler	16	static
