../Core/Src/ApplicationCode.c:19:6:ApplicationInit	8	static
../Core/Src/ApplicationCode.c:39:6:LCD_Visual_Demo	8	static
../Core/Src/ApplicationCode.c:44:6:LCD_Start_Screen	8	static
../Core/Src/ApplicationCode.c:50:6:LCD_Select_Color_Screen	8	static
../Core/Src/ApplicationCode.c:56:6:LCD_Game_Screen	8	static
../Core/Src/ApplicationCode.c:64:6:LCD_Score_Screen	8	static
../Core/Src/ApplicationCode.c:70:6:buttonInit	8	static
../Core/Src/ApplicationCode.c:75:6:LCD_Touch_Polling_Demo	8	static
../Core/Src/ApplicationCode.c:93:6:LCD_TOUCH_POLLING_DEMO	8	static
../Core/Src/ApplicationCode.c:109:6:LCD_Polling_Mode	8	static
../Core/Src/ApplicationCode.c:120:6:LCD_Polling_Color	8	static
../Core/Src/ApplicationCode.c:136:6:LCD_Touch_Polling_Game	8	static
../Core/Src/ApplicationCode.c:153:6:LCD_Polling_Restart	8	static
../Core/Src/ApplicationCode.c:166:6:EXTI0_IRQHandler	16	static
