../Core/Src/LCD_Driver.c:38:6:Init_Chip_To_Drop	8	static
../Core/Src/LCD_Driver.c:45:6:Init_Grid	16	static
../Core/Src/LCD_Driver.c:56:6:LCD_GPIO_Init	56	static
../Core/Src/LCD_Driver.c:139:6:LTCD_Layer_Init	72	static
../Core/Src/LCD_Driver.c:166:6:clearScreen	8	static
../Core/Src/LCD_Driver.c:171:6:LTCD__Init	8	static
../Core/Src/LCD_Driver.c:230:6:LCD_Draw_Chip_To_Drop	8	static
../Core/Src/LCD_Driver.c:240:6:LCD_Clear_Chip_To_Drop	8	static
../Core/Src/LCD_Driver.c:244:6:LCD_Update_Chip_To_Drop_Column	16	static
../Core/Src/LCD_Driver.c:257:6:LCD_Update_Chip_To_Drop	16	static
../Core/Src/LCD_Driver.c:264:6:LCD_Draw_Pixel	16	static
../Core/Src/LCD_Driver.c:274:6:LCD_Draw_Circle_Fill	32	static
../Core/Src/LCD_Driver.c:288:6:LCD_Draw_Rectangle_Fill	32	static
../Core/Src/LCD_Driver.c:296:6:LCD_Draw_Vertical_Line	32	static
../Core/Src/LCD_Driver.c:304:6:LCD_Draw_Horizontal_Line	32	static
../Core/Src/LCD_Driver.c:312:6:LCD_Clear	24	static
../Core/Src/LCD_Driver.c:323:6:LCD_SetTextColor	16	static
../Core/Src/LCD_Driver.c:329:6:LCD_SetFont	16	static
../Core/Src/LCD_Driver.c:335:6:LCD_Draw_Char	24	static
../Core/Src/LCD_Driver.c:355:6:LCD_DisplayChar	16	static
../Core/Src/LCD_Driver.c:361:6:LCD_Space_Available_Game_Grid	4	static
../Core/Src/LCD_Driver.c:370:9:LCD_Get_Row_Game_Grid	16	static
../Core/Src/LCD_Driver.c:381:6:LCD_Game_Won_Check_Row	24	static
../Core/Src/LCD_Driver.c:400:6:LCD_Game_Won_Check_Column	24	static
../Core/Src/LCD_Driver.c:419:6:LCD_Game_Won_Check_Up_Right_Diagonal	24	static
../Core/Src/LCD_Driver.c:446:6:LCD_Game_Won_Check_Up_Left_Diagonal	24	static
../Core/Src/LCD_Driver.c:473:6:LCD_Game_Won	16	static
../Core/Src/LCD_Driver.c:490:6:LCD_Insert_Chip_Game_Grid	24	static
../Core/Src/LCD_Driver.c:527:6:LCD_Draw_Start_Screen	8	static
../Core/Src/LCD_Driver.c:533:6:LCD_Draw_Game_Grid	32	static
../Core/Src/LCD_Driver.c:560:6:LCD_Draw_Score_Screen	24	static
../Core/Src/LCD_Driver.c:612:6:visualDemo	16	static
../Core/Src/LCD_Driver.c:664:6:LCD_Error_Handler	4	static,ignoring_inline_asm
../Core/Src/LCD_Driver.c:679:6:InitializeLCDTouch	8	static
../Core/Src/LCD_Driver.c:687:18:returnTouchStateAndLocation	16	static
../Core/Src/LCD_Driver.c:692:6:DetermineTouchPosition	16	static
../Core/Src/LCD_Driver.c:697:9:ReadRegisterFromTouchModule	16	static
../Core/Src/LCD_Driver.c:702:6:WriteDataToTouchModule	16	static
