../Core/Src/LCD_Driver.c:43:6:LCD_Animate_Falling	32	static
../Core/Src/LCD_Driver.c:57:6:LCD_Update_Game_Start_Time	8	static
../Core/Src/LCD_Driver.c:61:6:LCD_Update_Game_End_Time	8	static
../Core/Src/LCD_Driver.c:65:6:LCD_Update_Game_Length_Time	4	static
../Core/Src/LCD_Driver.c:69:6:LCD_Set_Player	16	static
../Core/Src/LCD_Driver.c:73:6:Init_Chip_To_Drop	8	static
../Core/Src/LCD_Driver.c:80:6:Init_Grid	16	static
../Core/Src/LCD_Driver.c:91:6:LCD_GPIO_Init	56	static
../Core/Src/LCD_Driver.c:174:6:LTCD_Layer_Init	72	static
../Core/Src/LCD_Driver.c:201:6:clearScreen	8	static
../Core/Src/LCD_Driver.c:206:6:LTCD__Init	8	static
../Core/Src/LCD_Driver.c:265:6:LCD_Draw_Chip_To_Drop	8	static
../Core/Src/LCD_Driver.c:275:6:LCD_Clear_Chip_To_Drop	8	static
../Core/Src/LCD_Driver.c:279:6:LCD_Update_Chip_To_Drop_Column	16	static
../Core/Src/LCD_Driver.c:292:6:LCD_Update_Chip_To_Drop	16	static
../Core/Src/LCD_Driver.c:298:6:LCD_DRAW_CIRCLE_SKIP_BLUE_BLACK	32	static
../Core/Src/LCD_Driver.c:315:6:LCD_Draw_Pixel	16	static
../Core/Src/LCD_Driver.c:320:6:LCD_Get_Pixel_Color	16	static
../Core/Src/LCD_Driver.c:328:6:LCD_Draw_Circle_Fill	32	static
../Core/Src/LCD_Driver.c:342:6:LCD_Draw_Rectangle_Fill	32	static
../Core/Src/LCD_Driver.c:350:6:LCD_Draw_Vertical_Line	32	static
../Core/Src/LCD_Driver.c:358:6:LCD_Draw_Horizontal_Line	32	static
../Core/Src/LCD_Driver.c:366:6:LCD_Clear	24	static
../Core/Src/LCD_Driver.c:377:6:LCD_SetTextColor	16	static
../Core/Src/LCD_Driver.c:383:6:LCD_SetFont	16	static
../Core/Src/LCD_Driver.c:389:6:LCD_Draw_Char	24	static
../Core/Src/LCD_Driver.c:409:6:LCD_DisplayChar	16	static
../Core/Src/LCD_Driver.c:415:6:LCD_Game_Tie	16	static
../Core/Src/LCD_Driver.c:429:6:LCD_Space_Available_Game_Grid	4	static
../Core/Src/LCD_Driver.c:438:9:LCD_Get_Row_Game_Grid	16	static
../Core/Src/LCD_Driver.c:449:6:LCD_Game_Won_Check_Row	24	static
../Core/Src/LCD_Driver.c:468:6:LCD_Game_Won_Check_Column	24	static
../Core/Src/LCD_Driver.c:487:6:LCD_Game_Won_Check_Up_Right_Diagonal	24	static
../Core/Src/LCD_Driver.c:514:6:LCD_Game_Won_Check_Up_Left_Diagonal	24	static
../Core/Src/LCD_Driver.c:541:6:LCD_Game_Won	16	static
../Core/Src/LCD_Driver.c:566:6:LCD_Insert_Chip_Game_Grid	24	static
../Core/Src/LCD_Driver.c:610:6:LCD_Draw_Start_Screen	8	static
../Core/Src/LCD_Driver.c:628:6:LCD_Draw_Select_Color_Screen	16	static
../Core/Src/LCD_Driver.c:651:6:LCD_Draw_Game_Grid	32	static
../Core/Src/LCD_Driver.c:676:6:LCD_Draw_Score_Screen	1040	static
../Core/Src/LCD_Driver.c:747:6:visualDemo	16	static
../Core/Src/LCD_Driver.c:799:6:LCD_Error_Handler	4	static,ignoring_inline_asm
../Core/Src/LCD_Driver.c:814:6:InitializeLCDTouch	8	static
../Core/Src/LCD_Driver.c:822:18:returnTouchStateAndLocation	16	static
../Core/Src/LCD_Driver.c:827:6:DetermineTouchPosition	16	static
../Core/Src/LCD_Driver.c:832:9:ReadRegisterFromTouchModule	16	static
../Core/Src/LCD_Driver.c:837:6:WriteDataToTouchModule	16	static
