../Core/Src/LCD_Driver.c:36:6:Init_Chip_To_Drop	8	static
../Core/Src/LCD_Driver.c:43:6:Init_Grid_Pos	16	static
../Core/Src/LCD_Driver.c:59:6:LCD_GPIO_Init	56	static
../Core/Src/LCD_Driver.c:142:6:LTCD_Layer_Init	72	static
../Core/Src/LCD_Driver.c:169:6:clearScreen	8	static
../Core/Src/LCD_Driver.c:174:6:LTCD__Init	8	static
../Core/Src/LCD_Driver.c:233:6:LCD_Draw_Chip_To_Drop	8	static
../Core/Src/LCD_Driver.c:243:6:LCD_Clear_Chip_To_Drop	8	static
../Core/Src/LCD_Driver.c:247:6:LCD_Update_Chip_To_Drop_Column	16	static
../Core/Src/LCD_Driver.c:260:6:LCD_Update_Chip_To_Drop	16	static
../Core/Src/LCD_Driver.c:267:6:LCD_Draw_Pixel	16	static
../Core/Src/LCD_Driver.c:277:6:LCD_Draw_Circle_Fill	32	static
../Core/Src/LCD_Driver.c:291:6:LCD_Draw_Vertical_Line	32	static
../Core/Src/LCD_Driver.c:299:6:LCD_Draw_Horizontal_Line	32	static
../Core/Src/LCD_Driver.c:307:6:LCD_Clear	24	static
../Core/Src/LCD_Driver.c:318:6:LCD_SetTextColor	16	static
../Core/Src/LCD_Driver.c:324:6:LCD_SetFont	16	static
../Core/Src/LCD_Driver.c:330:6:LCD_Draw_Char	24	static
../Core/Src/LCD_Driver.c:350:6:LCD_DisplayChar	16	static
../Core/Src/LCD_Driver.c:356:6:LCD_Space_Available_Game_Grid	4	static
../Core/Src/LCD_Driver.c:365:9:LCD_Get_Row_Game_Grid	16	static
../Core/Src/LCD_Driver.c:375:6:LCD_Game_Won	4	static
../Core/Src/LCD_Driver.c:379:6:LCD_Insert_Chip_Game_Grid	24	static
../Core/Src/LCD_Driver.c:410:6:LCD_Draw_Game_Grid	16	static
../Core/Src/LCD_Driver.c:428:6:visualDemo	16	static
../Core/Src/LCD_Driver.c:480:6:LCD_Error_Handler	4	static,ignoring_inline_asm
../Core/Src/LCD_Driver.c:495:6:InitializeLCDTouch	8	static
../Core/Src/LCD_Driver.c:503:18:returnTouchStateAndLocation	16	static
../Core/Src/LCD_Driver.c:508:6:DetermineTouchPosition	16	static
../Core/Src/LCD_Driver.c:513:9:ReadRegisterFromTouchModule	16	static
../Core/Src/LCD_Driver.c:518:6:WriteDataToTouchModule	16	static
