../Core/Src/LCD_Driver.c:39:6:Init_Chip_To_Drop	8	static
../Core/Src/LCD_Driver.c:46:6:Init_Grid_Pos	16	static
../Core/Src/LCD_Driver.c:62:6:LCD_GPIO_Init	56	static
../Core/Src/LCD_Driver.c:145:6:LTCD_Layer_Init	72	static
../Core/Src/LCD_Driver.c:172:6:clearScreen	8	static
../Core/Src/LCD_Driver.c:177:6:LTCD__Init	8	static
../Core/Src/LCD_Driver.c:236:6:LCD_Draw_Chip_To_Drop	8	static
../Core/Src/LCD_Driver.c:246:6:LCD_Clear_Chip_To_Drop	8	static
../Core/Src/LCD_Driver.c:250:6:LCD_Update_Chip_To_Drop_Column	16	static
../Core/Src/LCD_Driver.c:263:6:LCD_Update_Chip_To_Drop	16	static
../Core/Src/LCD_Driver.c:270:6:LCD_Draw_Pixel	16	static
../Core/Src/LCD_Driver.c:280:6:LCD_Draw_Circle_Fill	32	static
../Core/Src/LCD_Driver.c:294:6:LCD_Draw_Vertical_Line	32	static
../Core/Src/LCD_Driver.c:302:6:LCD_Draw_Horizontal_Line	32	static
../Core/Src/LCD_Driver.c:310:6:LCD_Clear	24	static
../Core/Src/LCD_Driver.c:321:6:LCD_SetTextColor	16	static
../Core/Src/LCD_Driver.c:327:6:LCD_SetFont	16	static
../Core/Src/LCD_Driver.c:333:6:LCD_Draw_Char	24	static
../Core/Src/LCD_Driver.c:353:6:LCD_DisplayChar	16	static
../Core/Src/LCD_Driver.c:359:6:LCD_Space_Available_Game_Grid	4	static
../Core/Src/LCD_Driver.c:368:9:LCD_Get_Row_Game_Grid	16	static
../Core/Src/LCD_Driver.c:379:6:LCD_Game_Won_Check_Row	24	static
../Core/Src/LCD_Driver.c:398:6:LCD_Game_Won_Check_Column	24	static
../Core/Src/LCD_Driver.c:417:6:LCD_Game_Won_Check_Up_Right_Diagonal	16	static
../Core/Src/LCD_Driver.c:445:6:LCD_Game_Won_Check_Up_Left_Diagonal	16	static
../Core/Src/LCD_Driver.c:473:6:LCD_Game_Won	16	static
../Core/Src/LCD_Driver.c:489:6:LCD_Insert_Chip_Game_Grid	24	static
../Core/Src/LCD_Driver.c:520:6:LCD_Draw_Game_Grid	16	static
../Core/Src/LCD_Driver.c:538:6:visualDemo	16	static
../Core/Src/LCD_Driver.c:590:6:LCD_Error_Handler	4	static,ignoring_inline_asm
../Core/Src/LCD_Driver.c:605:6:InitializeLCDTouch	8	static
../Core/Src/LCD_Driver.c:613:18:returnTouchStateAndLocation	16	static
../Core/Src/LCD_Driver.c:618:6:DetermineTouchPosition	16	static
../Core/Src/LCD_Driver.c:623:9:ReadRegisterFromTouchModule	16	static
../Core/Src/LCD_Driver.c:628:6:WriteDataToTouchModule	16	static
