../Core/Src/LCD_Driver.c:36:6:Init_Chip_To_Drop	4	static
../Core/Src/LCD_Driver.c:42:6:Init_Grid_Pos	24	static
../Core/Src/LCD_Driver.c:56:6:LCD_GPIO_Init	56	static
../Core/Src/LCD_Driver.c:139:6:LTCD_Layer_Init	72	static
../Core/Src/LCD_Driver.c:166:6:clearScreen	8	static
../Core/Src/LCD_Driver.c:171:6:LTCD__Init	8	static
../Core/Src/LCD_Driver.c:230:6:LCD_Draw_Chip_To_Drop	8	static
../Core/Src/LCD_Driver.c:240:6:LCD_Clear_Chip_To_Drop	8	static
../Core/Src/LCD_Driver.c:244:6:LCD_Update_Chip_To_Drop_Column	16	static
../Core/Src/LCD_Driver.c:257:6:LCD_Update_Chip_To_Drop	8	static
../Core/Src/LCD_Driver.c:262:6:LCD_Draw_Pixel	16	static
../Core/Src/LCD_Driver.c:272:6:LCD_Draw_Circle_Fill	32	static
../Core/Src/LCD_Driver.c:286:6:LCD_Draw_Vertical_Line	32	static
../Core/Src/LCD_Driver.c:294:6:LCD_Draw_Horizontal_Line	32	static
../Core/Src/LCD_Driver.c:302:6:LCD_Clear	24	static
../Core/Src/LCD_Driver.c:313:6:LCD_SetTextColor	16	static
../Core/Src/LCD_Driver.c:319:6:LCD_SetFont	16	static
../Core/Src/LCD_Driver.c:325:6:LCD_Draw_Char	24	static
../Core/Src/LCD_Driver.c:345:6:LCD_DisplayChar	16	static
../Core/Src/LCD_Driver.c:351:6:LCD_Draw_Game_Grid	16	static
../Core/Src/LCD_Driver.c:369:6:visualDemo	16	static
../Core/Src/LCD_Driver.c:421:6:LCD_Error_Handler	4	static,ignoring_inline_asm
../Core/Src/LCD_Driver.c:436:6:InitializeLCDTouch	8	static
../Core/Src/LCD_Driver.c:444:18:returnTouchStateAndLocation	16	static
../Core/Src/LCD_Driver.c:449:6:DetermineTouchPosition	16	static
../Core/Src/LCD_Driver.c:454:9:ReadRegisterFromTouchModule	16	static
../Core/Src/LCD_Driver.c:459:6:WriteDataToTouchModule	16	static
