../Core/Src/LCD_Driver.c:43:6:LCD_Animate_Falling	16	static
../Core/Src/LCD_Driver.c:70:6:LCD_Update_Game_Start_Time	8	static
../Core/Src/LCD_Driver.c:74:6:LCD_Update_Game_End_Time	8	static
../Core/Src/LCD_Driver.c:78:6:LCD_Update_Game_Length_Time	4	static
../Core/Src/LCD_Driver.c:82:6:LCD_Set_Player	16	static
../Core/Src/LCD_Driver.c:86:6:Init_Chip_To_Drop	8	static
../Core/Src/LCD_Driver.c:93:6:Init_Grid	16	static
../Core/Src/LCD_Driver.c:104:6:LCD_GPIO_Init	56	static
../Core/Src/LCD_Driver.c:187:6:LTCD_Layer_Init	72	static
../Core/Src/LCD_Driver.c:214:6:clearScreen	8	static
../Core/Src/LCD_Driver.c:219:6:LTCD__Init	8	static
../Core/Src/LCD_Driver.c:278:6:LCD_Draw_Chip_To_Drop	8	static
../Core/Src/LCD_Driver.c:288:6:LCD_Clear_Chip_To_Drop	8	static
../Core/Src/LCD_Driver.c:292:6:LCD_Update_Chip_To_Drop_Column	16	static
../Core/Src/LCD_Driver.c:305:6:LCD_Update_Chip_To_Drop	16	static
../Core/Src/LCD_Driver.c:311:6:LCD_Draw_Background_Grid	32	static
../Core/Src/LCD_Driver.c:327:6:LCD_Draw_Pixel	16	static
../Core/Src/LCD_Driver.c:332:6:LCD_Get_Pixel_Color	16	static
../Core/Src/LCD_Driver.c:340:6:LCD_Draw_Circle_Fill	32	static
../Core/Src/LCD_Driver.c:354:6:LCD_Draw_Rectangle_Fill	32	static
../Core/Src/LCD_Driver.c:362:6:LCD_Draw_Vertical_Line	32	static
../Core/Src/LCD_Driver.c:370:6:LCD_Draw_Horizontal_Line	32	static
../Core/Src/LCD_Driver.c:378:6:LCD_Clear	24	static
../Core/Src/LCD_Driver.c:389:6:LCD_SetTextColor	16	static
../Core/Src/LCD_Driver.c:395:6:LCD_SetFont	16	static
../Core/Src/LCD_Driver.c:401:6:LCD_Draw_Char	24	static
../Core/Src/LCD_Driver.c:421:6:LCD_DisplayChar	16	static
../Core/Src/LCD_Driver.c:427:6:LCD_Game_Tie	16	static
../Core/Src/LCD_Driver.c:441:6:LCD_Space_Available_Game_Grid	4	static
../Core/Src/LCD_Driver.c:450:9:LCD_Get_Row_Game_Grid	16	static
../Core/Src/LCD_Driver.c:461:6:LCD_Game_Won_Check_Row	24	static
../Core/Src/LCD_Driver.c:480:6:LCD_Game_Won_Check_Column	24	static
../Core/Src/LCD_Driver.c:499:6:LCD_Game_Won_Check_Up_Right_Diagonal	24	static
../Core/Src/LCD_Driver.c:526:6:LCD_Game_Won_Check_Up_Left_Diagonal	24	static
../Core/Src/LCD_Driver.c:553:6:LCD_Game_Won	16	static
../Core/Src/LCD_Driver.c:578:6:LCD_Insert_Chip_Game_Grid	24	static
../Core/Src/LCD_Driver.c:620:6:LCD_Draw_Start_Screen	8	static
../Core/Src/LCD_Driver.c:638:6:LCD_Draw_Select_Color_Screen	16	static
../Core/Src/LCD_Driver.c:661:6:LCD_Draw_Game_Grid	32	static
../Core/Src/LCD_Driver.c:686:6:LCD_Draw_Score_Screen	1040	static
../Core/Src/LCD_Driver.c:757:6:visualDemo	16	static
../Core/Src/LCD_Driver.c:809:6:LCD_Error_Handler	4	static,ignoring_inline_asm
../Core/Src/LCD_Driver.c:824:6:InitializeLCDTouch	8	static
../Core/Src/LCD_Driver.c:832:18:returnTouchStateAndLocation	16	static
../Core/Src/LCD_Driver.c:837:6:DetermineTouchPosition	16	static
../Core/Src/LCD_Driver.c:842:9:ReadRegisterFromTouchModule	16	static
../Core/Src/LCD_Driver.c:847:6:WriteDataToTouchModule	16	static
