../Core/Src/LCD_Driver.c:42:6:LCD_Update_Game_Start_Time	8	static
../Core/Src/LCD_Driver.c:46:6:LCD_Update_Game_End_Time	8	static
../Core/Src/LCD_Driver.c:50:6:LCD_Update_Game_Length_Time	4	static
../Core/Src/LCD_Driver.c:54:6:LCD_Set_Player	16	static
../Core/Src/LCD_Driver.c:58:6:Init_Chip_To_Drop	8	static
../Core/Src/LCD_Driver.c:65:6:Init_Grid	16	static
../Core/Src/LCD_Driver.c:76:6:LCD_GPIO_Init	56	static
../Core/Src/LCD_Driver.c:159:6:LTCD_Layer_Init	72	static
../Core/Src/LCD_Driver.c:186:6:clearScreen	8	static
../Core/Src/LCD_Driver.c:191:6:LTCD__Init	8	static
../Core/Src/LCD_Driver.c:250:6:LCD_Draw_Chip_To_Drop	8	static
../Core/Src/LCD_Driver.c:260:6:LCD_Clear_Chip_To_Drop	8	static
../Core/Src/LCD_Driver.c:264:6:LCD_Update_Chip_To_Drop_Column	16	static
../Core/Src/LCD_Driver.c:277:6:LCD_Update_Chip_To_Drop	16	static
../Core/Src/LCD_Driver.c:283:6:LCD_Draw_Pixel	16	static
../Core/Src/LCD_Driver.c:293:6:LCD_Draw_Circle_Fill	32	static
../Core/Src/LCD_Driver.c:307:6:LCD_Draw_Rectangle_Fill	32	static
../Core/Src/LCD_Driver.c:315:6:LCD_Draw_Vertical_Line	32	static
../Core/Src/LCD_Driver.c:323:6:LCD_Draw_Horizontal_Line	32	static
../Core/Src/LCD_Driver.c:331:6:LCD_Clear	24	static
../Core/Src/LCD_Driver.c:342:6:LCD_SetTextColor	16	static
../Core/Src/LCD_Driver.c:348:6:LCD_SetFont	16	static
../Core/Src/LCD_Driver.c:354:6:LCD_Draw_Char	24	static
../Core/Src/LCD_Driver.c:374:6:LCD_DisplayChar	16	static
../Core/Src/LCD_Driver.c:380:6:LCD_Game_Tie	16	static
../Core/Src/LCD_Driver.c:394:6:LCD_Space_Available_Game_Grid	4	static
../Core/Src/LCD_Driver.c:403:9:LCD_Get_Row_Game_Grid	16	static
../Core/Src/LCD_Driver.c:414:6:LCD_Game_Won_Check_Row	24	static
../Core/Src/LCD_Driver.c:433:6:LCD_Game_Won_Check_Column	24	static
../Core/Src/LCD_Driver.c:452:6:LCD_Game_Won_Check_Up_Right_Diagonal	24	static
../Core/Src/LCD_Driver.c:479:6:LCD_Game_Won_Check_Up_Left_Diagonal	24	static
../Core/Src/LCD_Driver.c:506:6:LCD_Game_Won	16	static
../Core/Src/LCD_Driver.c:531:6:LCD_Insert_Chip_Game_Grid	24	static
../Core/Src/LCD_Driver.c:573:6:LCD_Draw_Start_Screen	8	static
../Core/Src/LCD_Driver.c:591:6:LCD_Draw_Select_Color_Screen	16	static
../Core/Src/LCD_Driver.c:614:6:LCD_Draw_Game_Grid	32	static
../Core/Src/LCD_Driver.c:639:6:LCD_Draw_Score_Screen	1040	static
../Core/Src/LCD_Driver.c:710:6:visualDemo	16	static
../Core/Src/LCD_Driver.c:762:6:LCD_Error_Handler	4	static,ignoring_inline_asm
../Core/Src/LCD_Driver.c:777:6:InitializeLCDTouch	8	static
../Core/Src/LCD_Driver.c:785:18:returnTouchStateAndLocation	16	static
../Core/Src/LCD_Driver.c:790:6:DetermineTouchPosition	16	static
../Core/Src/LCD_Driver.c:795:9:ReadRegisterFromTouchModule	16	static
../Core/Src/LCD_Driver.c:800:6:WriteDataToTouchModule	16	static
