../Core/Src/LCD_Driver.c:34:6:Init_Grid_Pos	24	static
../Core/Src/LCD_Driver.c:50:6:LCD_GPIO_Init	56	static
../Core/Src/LCD_Driver.c:133:6:LTCD_Layer_Init	72	static
../Core/Src/LCD_Driver.c:160:6:clearScreen	8	static
../Core/Src/LCD_Driver.c:165:6:LTCD__Init	8	static
../Core/Src/LCD_Driver.c:224:6:LCD_Draw_Pixel	16	static
../Core/Src/LCD_Driver.c:234:6:LCD_Draw_Circle_Fill	32	static
../Core/Src/LCD_Driver.c:248:6:LCD_Draw_Vertical_Line	32	static
../Core/Src/LCD_Driver.c:256:6:LCD_Draw_Horizontal_Line	32	static
../Core/Src/LCD_Driver.c:264:6:LCD_Clear	24	static
../Core/Src/LCD_Driver.c:275:6:LCD_SetTextColor	16	static
../Core/Src/LCD_Driver.c:281:6:LCD_SetFont	16	static
../Core/Src/LCD_Driver.c:287:6:LCD_Draw_Char	24	static
../Core/Src/LCD_Driver.c:307:6:LCD_DisplayChar	16	static
../Core/Src/LCD_Driver.c:313:6:Game_Grid	16	static
../Core/Src/LCD_Driver.c:330:6:visualDemo	16	static
../Core/Src/LCD_Driver.c:382:6:LCD_Error_Handler	4	static,ignoring_inline_asm
../Core/Src/LCD_Driver.c:397:6:InitializeLCDTouch	8	static
../Core/Src/LCD_Driver.c:405:18:returnTouchStateAndLocation	16	static
../Core/Src/LCD_Driver.c:410:6:DetermineTouchPosition	16	static
../Core/Src/LCD_Driver.c:415:9:ReadRegisterFromTouchModule	16	static
../Core/Src/LCD_Driver.c:420:6:WriteDataToTouchModule	16	static
