../Core/Src/LCD_Driver.c:36:6:Init_Chip_To_Drop	8	static
../Core/Src/LCD_Driver.c:43:6:Init_Grid_Pos	16	static
../Core/Src/LCD_Driver.c:57:6:LCD_GPIO_Init	56	static
../Core/Src/LCD_Driver.c:140:6:LTCD_Layer_Init	72	static
../Core/Src/LCD_Driver.c:167:6:clearScreen	8	static
../Core/Src/LCD_Driver.c:172:6:LTCD__Init	8	static
../Core/Src/LCD_Driver.c:231:6:LCD_Draw_Chip_To_Drop	8	static
../Core/Src/LCD_Driver.c:241:6:LCD_Clear_Chip_To_Drop	8	static
../Core/Src/LCD_Driver.c:245:6:LCD_Update_Chip_To_Drop_Column	16	static
../Core/Src/LCD_Driver.c:258:6:LCD_Update_Chip_To_Drop	16	static
../Core/Src/LCD_Driver.c:265:6:LCD_Draw_Pixel	16	static
../Core/Src/LCD_Driver.c:275:6:LCD_Draw_Circle_Fill	32	static
../Core/Src/LCD_Driver.c:289:6:LCD_Draw_Vertical_Line	32	static
../Core/Src/LCD_Driver.c:297:6:LCD_Draw_Horizontal_Line	32	static
../Core/Src/LCD_Driver.c:305:6:LCD_Clear	24	static
../Core/Src/LCD_Driver.c:316:6:LCD_SetTextColor	16	static
../Core/Src/LCD_Driver.c:322:6:LCD_SetFont	16	static
../Core/Src/LCD_Driver.c:328:6:LCD_Draw_Char	24	static
../Core/Src/LCD_Driver.c:348:6:LCD_DisplayChar	16	static
../Core/Src/LCD_Driver.c:354:6:LCD_Draw_Game_Grid	16	static
../Core/Src/LCD_Driver.c:372:6:visualDemo	16	static
../Core/Src/LCD_Driver.c:424:6:LCD_Error_Handler	4	static,ignoring_inline_asm
../Core/Src/LCD_Driver.c:439:6:InitializeLCDTouch	8	static
../Core/Src/LCD_Driver.c:447:18:returnTouchStateAndLocation	16	static
../Core/Src/LCD_Driver.c:452:6:DetermineTouchPosition	16	static
../Core/Src/LCD_Driver.c:457:9:ReadRegisterFromTouchModule	16	static
../Core/Src/LCD_Driver.c:462:6:WriteDataToTouchModule	16	static
