../Core/Src/LCD_Driver.c:43:6:LCD_Animate_Falling	32	static
../Core/Src/LCD_Driver.c:52:6:LCD_Update_Game_Start_Time	8	static
../Core/Src/LCD_Driver.c:56:6:LCD_Update_Game_End_Time	8	static
../Core/Src/LCD_Driver.c:60:6:LCD_Update_Game_Length_Time	4	static
../Core/Src/LCD_Driver.c:64:6:LCD_Set_Player	16	static
../Core/Src/LCD_Driver.c:68:9:LCD_Get_Player	4	static
../Core/Src/LCD_Driver.c:72:9:LCD_Find_Best_Move	16	static
../Core/Src/LCD_Driver.c:87:6:Init_Chip_To_Drop	8	static
../Core/Src/LCD_Driver.c:94:6:Init_Grid	16	static
../Core/Src/LCD_Driver.c:106:6:LCD_GPIO_Init	56	static
../Core/Src/LCD_Driver.c:189:6:LTCD_Layer_Init	72	static
../Core/Src/LCD_Driver.c:216:6:clearScreen	8	static
../Core/Src/LCD_Driver.c:221:6:LTCD__Init	8	static
../Core/Src/LCD_Driver.c:280:6:LCD_Draw_Chip_To_Drop	8	static
../Core/Src/LCD_Driver.c:290:6:LCD_Clear_Chip_To_Drop	8	static
../Core/Src/LCD_Driver.c:294:9:LCD_Get_Chip_To_Drop_Column	4	static
../Core/Src/LCD_Driver.c:298:6:LCD_Update_Chip_To_Drop_Column	16	static
../Core/Src/LCD_Driver.c:311:6:LCD_Update_Chip_To_Drop	16	static
../Core/Src/LCD_Driver.c:317:6:LCD_DRAW_CIRCLE_SKIP_BLUE_BLACK	32	static
../Core/Src/LCD_Driver.c:334:6:LCD_Draw_Pixel	16	static
../Core/Src/LCD_Driver.c:339:6:LCD_Get_Pixel_Color	16	static
../Core/Src/LCD_Driver.c:347:6:LCD_Draw_Circle_Fill	32	static
../Core/Src/LCD_Driver.c:361:6:LCD_Draw_Rectangle_Fill	32	static
../Core/Src/LCD_Driver.c:369:6:LCD_Draw_Vertical_Line	32	static
../Core/Src/LCD_Driver.c:377:6:LCD_Draw_Horizontal_Line	32	static
../Core/Src/LCD_Driver.c:385:6:LCD_Clear	24	static
../Core/Src/LCD_Driver.c:396:6:LCD_SetTextColor	16	static
../Core/Src/LCD_Driver.c:402:6:LCD_SetFont	16	static
../Core/Src/LCD_Driver.c:408:6:LCD_Draw_Char	24	static
../Core/Src/LCD_Driver.c:428:6:LCD_DisplayChar	16	static
../Core/Src/LCD_Driver.c:434:6:LCD_Game_Tie	16	static
../Core/Src/LCD_Driver.c:448:6:LCD_Space_Available_Column	16	static
../Core/Src/LCD_Driver.c:457:6:LCD_Space_Available_Game_Grid	4	static
../Core/Src/LCD_Driver.c:466:9:LCD_Get_Row_Game_Grid	16	static
../Core/Src/LCD_Driver.c:477:6:LCD_Game_Won_Check_Row	24	static
../Core/Src/LCD_Driver.c:496:6:LCD_Game_Won_Check_Column	24	static
../Core/Src/LCD_Driver.c:515:6:LCD_Game_Won_Check_Up_Right_Diagonal	24	static
../Core/Src/LCD_Driver.c:542:6:LCD_Game_Won_Check_Up_Left_Diagonal	24	static
../Core/Src/LCD_Driver.c:569:6:LCD_Game_Won	16	static
../Core/Src/LCD_Driver.c:594:6:LCD_Insert_Chip_Game_Grid	24	static
../Core/Src/LCD_Driver.c:638:6:LCD_Draw_Start_Screen	8	static
../Core/Src/LCD_Driver.c:656:6:LCD_Draw_Select_Color_Screen	16	static
../Core/Src/LCD_Driver.c:679:6:LCD_Draw_Game_Grid	32	static
../Core/Src/LCD_Driver.c:704:6:LCD_Draw_Score_Screen	1040	static
../Core/Src/LCD_Driver.c:775:6:visualDemo	16	static
../Core/Src/LCD_Driver.c:827:6:LCD_Error_Handler	4	static,ignoring_inline_asm
../Core/Src/LCD_Driver.c:842:6:InitializeLCDTouch	8	static
../Core/Src/LCD_Driver.c:850:18:returnTouchStateAndLocation	16	static
../Core/Src/LCD_Driver.c:855:6:DetermineTouchPosition	16	static
../Core/Src/LCD_Driver.c:860:9:ReadRegisterFromTouchModule	16	static
../Core/Src/LCD_Driver.c:865:6:WriteDataToTouchModule	16	static
