../Core/Src/LCD_Driver.c:38:6:LCD_Set_Player	16	static
../Core/Src/LCD_Driver.c:42:6:Init_Chip_To_Drop	8	static
../Core/Src/LCD_Driver.c:49:6:Init_Grid	16	static
../Core/Src/LCD_Driver.c:60:6:LCD_GPIO_Init	56	static
../Core/Src/LCD_Driver.c:143:6:LTCD_Layer_Init	72	static
../Core/Src/LCD_Driver.c:170:6:clearScreen	8	static
../Core/Src/LCD_Driver.c:175:6:LTCD__Init	8	static
../Core/Src/LCD_Driver.c:234:6:LCD_Draw_Chip_To_Drop	8	static
../Core/Src/LCD_Driver.c:244:6:LCD_Clear_Chip_To_Drop	8	static
../Core/Src/LCD_Driver.c:248:6:LCD_Update_Chip_To_Drop_Column	16	static
../Core/Src/LCD_Driver.c:261:6:LCD_Update_Chip_To_Drop	16	static
../Core/Src/LCD_Driver.c:268:6:LCD_Draw_Pixel	16	static
../Core/Src/LCD_Driver.c:278:6:LCD_Draw_Circle_Fill	32	static
../Core/Src/LCD_Driver.c:292:6:LCD_Draw_Rectangle_Fill	32	static
../Core/Src/LCD_Driver.c:300:6:LCD_Draw_Vertical_Line	32	static
../Core/Src/LCD_Driver.c:308:6:LCD_Draw_Horizontal_Line	32	static
../Core/Src/LCD_Driver.c:316:6:LCD_Clear	24	static
../Core/Src/LCD_Driver.c:327:6:LCD_SetTextColor	16	static
../Core/Src/LCD_Driver.c:333:6:LCD_SetFont	16	static
../Core/Src/LCD_Driver.c:339:6:LCD_Draw_Char	24	static
../Core/Src/LCD_Driver.c:359:6:LCD_DisplayChar	16	static
../Core/Src/LCD_Driver.c:365:6:LCD_Space_Available_Game_Grid	4	static
../Core/Src/LCD_Driver.c:374:9:LCD_Get_Row_Game_Grid	16	static
../Core/Src/LCD_Driver.c:385:6:LCD_Game_Won_Check_Row	24	static
../Core/Src/LCD_Driver.c:404:6:LCD_Game_Won_Check_Column	24	static
../Core/Src/LCD_Driver.c:423:6:LCD_Game_Won_Check_Up_Right_Diagonal	24	static
../Core/Src/LCD_Driver.c:450:6:LCD_Game_Won_Check_Up_Left_Diagonal	24	static
../Core/Src/LCD_Driver.c:477:6:LCD_Game_Won	16	static
../Core/Src/LCD_Driver.c:494:6:LCD_Insert_Chip_Game_Grid	24	static
../Core/Src/LCD_Driver.c:531:6:LCD_Draw_Start_Screen	8	static
../Core/Src/LCD_Driver.c:549:6:LCD_Draw_Select_Color_Screen	16	static
../Core/Src/LCD_Driver.c:572:6:LCD_Draw_Game_Grid	32	static
../Core/Src/LCD_Driver.c:597:6:LCD_Draw_Score_Screen	24	static
../Core/Src/LCD_Driver.c:645:6:visualDemo	16	static
../Core/Src/LCD_Driver.c:697:6:LCD_Error_Handler	4	static,ignoring_inline_asm
../Core/Src/LCD_Driver.c:712:6:InitializeLCDTouch	8	static
../Core/Src/LCD_Driver.c:720:18:returnTouchStateAndLocation	16	static
../Core/Src/LCD_Driver.c:725:6:DetermineTouchPosition	16	static
../Core/Src/LCD_Driver.c:730:9:ReadRegisterFromTouchModule	16	static
../Core/Src/LCD_Driver.c:735:6:WriteDataToTouchModule	16	static
