../Core/Src/LCD_Driver.c:42:6:LCD_Animate_Falling	32	static
../Core/Src/LCD_Driver.c:51:6:LCD_Update_Game_Start_Time	8	static
../Core/Src/LCD_Driver.c:55:6:LCD_Update_Game_End_Time	8	static
../Core/Src/LCD_Driver.c:59:6:LCD_Update_Game_Length_Time	4	static
../Core/Src/LCD_Driver.c:63:6:LCD_Set_Player	16	static
../Core/Src/LCD_Driver.c:67:9:LCD_Get_Player	4	static
../Core/Src/LCD_Driver.c:71:9:LCD_Find_Best_Move	4	static
../Core/Src/LCD_Driver.c:75:6:Init_Chip_To_Drop	8	static
../Core/Src/LCD_Driver.c:82:6:Init_Grid	16	static
../Core/Src/LCD_Driver.c:94:6:LCD_GPIO_Init	56	static
../Core/Src/LCD_Driver.c:177:6:LTCD_Layer_Init	72	static
../Core/Src/LCD_Driver.c:204:6:clearScreen	8	static
../Core/Src/LCD_Driver.c:209:6:LTCD__Init	8	static
../Core/Src/LCD_Driver.c:268:6:LCD_Draw_Chip_To_Drop	8	static
../Core/Src/LCD_Driver.c:278:6:LCD_Clear_Chip_To_Drop	8	static
../Core/Src/LCD_Driver.c:282:9:LCD_Get_Chip_To_Drop_Column	4	static
../Core/Src/LCD_Driver.c:286:6:LCD_Update_Chip_To_Drop_Column	16	static
../Core/Src/LCD_Driver.c:299:6:LCD_Update_Chip_To_Drop	16	static
../Core/Src/LCD_Driver.c:305:6:LCD_DRAW_CIRCLE_SKIP_BLUE_BLACK	32	static
../Core/Src/LCD_Driver.c:322:6:LCD_Draw_Pixel	16	static
../Core/Src/LCD_Driver.c:327:6:LCD_Get_Pixel_Color	16	static
../Core/Src/LCD_Driver.c:335:6:LCD_Draw_Circle_Fill	32	static
../Core/Src/LCD_Driver.c:349:6:LCD_Draw_Rectangle_Fill	32	static
../Core/Src/LCD_Driver.c:357:6:LCD_Draw_Vertical_Line	32	static
../Core/Src/LCD_Driver.c:365:6:LCD_Draw_Horizontal_Line	32	static
../Core/Src/LCD_Driver.c:373:6:LCD_Clear	24	static
../Core/Src/LCD_Driver.c:384:6:LCD_SetTextColor	16	static
../Core/Src/LCD_Driver.c:390:6:LCD_SetFont	16	static
../Core/Src/LCD_Driver.c:396:6:LCD_Draw_Char	24	static
../Core/Src/LCD_Driver.c:416:6:LCD_DisplayChar	16	static
../Core/Src/LCD_Driver.c:422:6:LCD_Game_Tie	16	static
../Core/Src/LCD_Driver.c:436:6:LCD_Space_Available_Game_Grid	4	static
../Core/Src/LCD_Driver.c:445:9:LCD_Get_Row_Game_Grid	16	static
../Core/Src/LCD_Driver.c:456:6:LCD_Game_Won_Check_Row	24	static
../Core/Src/LCD_Driver.c:475:6:LCD_Game_Won_Check_Column	24	static
../Core/Src/LCD_Driver.c:494:6:LCD_Game_Won_Check_Up_Right_Diagonal	24	static
../Core/Src/LCD_Driver.c:521:6:LCD_Game_Won_Check_Up_Left_Diagonal	24	static
../Core/Src/LCD_Driver.c:548:6:LCD_Game_Won	16	static
../Core/Src/LCD_Driver.c:573:6:LCD_Insert_Chip_Game_Grid	24	static
../Core/Src/LCD_Driver.c:617:6:LCD_Draw_Start_Screen	8	static
../Core/Src/LCD_Driver.c:635:6:LCD_Draw_Select_Color_Screen	16	static
../Core/Src/LCD_Driver.c:658:6:LCD_Draw_Game_Grid	32	static
../Core/Src/LCD_Driver.c:683:6:LCD_Draw_Score_Screen	1040	static
../Core/Src/LCD_Driver.c:754:6:visualDemo	16	static
../Core/Src/LCD_Driver.c:806:6:LCD_Error_Handler	4	static,ignoring_inline_asm
../Core/Src/LCD_Driver.c:821:6:InitializeLCDTouch	8	static
../Core/Src/LCD_Driver.c:829:18:returnTouchStateAndLocation	16	static
../Core/Src/LCD_Driver.c:834:6:DetermineTouchPosition	16	static
../Core/Src/LCD_Driver.c:839:9:ReadRegisterFromTouchModule	16	static
../Core/Src/LCD_Driver.c:844:6:WriteDataToTouchModule	16	static
