../Core/Src/LCD_Driver.c:39:6:Init_Chip_To_Drop	8	static
../Core/Src/LCD_Driver.c:46:6:Init_Grid_Pos	16	static
../Core/Src/LCD_Driver.c:57:6:LCD_GPIO_Init	56	static
../Core/Src/LCD_Driver.c:140:6:LTCD_Layer_Init	72	static
../Core/Src/LCD_Driver.c:167:6:clearScreen	8	static
../Core/Src/LCD_Driver.c:172:6:LTCD__Init	8	static
../Core/Src/LCD_Driver.c:231:6:LCD_Draw_Chip_To_Drop	8	static
../Core/Src/LCD_Driver.c:241:6:LCD_Clear_Chip_To_Drop	8	static
../Core/Src/LCD_Driver.c:245:6:LCD_Update_Chip_To_Drop_Column	16	static
../Core/Src/LCD_Driver.c:258:6:LCD_Update_Chip_To_Drop	16	static
../Core/Src/LCD_Driver.c:265:6:LCD_Draw_Pixel	16	static
../Core/Src/LCD_Driver.c:275:6:LCD_Draw_Circle_Fill	32	static
../Core/Src/LCD_Driver.c:289:6:LCD_Draw_Rectangle_Fill	32	static
../Core/Src/LCD_Driver.c:297:6:LCD_Draw_Vertical_Line	32	static
../Core/Src/LCD_Driver.c:305:6:LCD_Draw_Horizontal_Line	32	static
../Core/Src/LCD_Driver.c:313:6:LCD_Clear	24	static
../Core/Src/LCD_Driver.c:324:6:LCD_SetTextColor	16	static
../Core/Src/LCD_Driver.c:330:6:LCD_SetFont	16	static
../Core/Src/LCD_Driver.c:336:6:LCD_Draw_Char	24	static
../Core/Src/LCD_Driver.c:356:6:LCD_DisplayChar	16	static
../Core/Src/LCD_Driver.c:362:6:LCD_Space_Available_Game_Grid	4	static
../Core/Src/LCD_Driver.c:371:9:LCD_Get_Row_Game_Grid	16	static
../Core/Src/LCD_Driver.c:382:6:LCD_Game_Won_Check_Row	24	static
../Core/Src/LCD_Driver.c:401:6:LCD_Game_Won_Check_Column	24	static
../Core/Src/LCD_Driver.c:420:6:LCD_Game_Won_Check_Up_Right_Diagonal	16	static
../Core/Src/LCD_Driver.c:448:6:LCD_Game_Won_Check_Up_Left_Diagonal	16	static
../Core/Src/LCD_Driver.c:476:6:LCD_Game_Won	16	static
../Core/Src/LCD_Driver.c:493:6:LCD_Insert_Chip_Game_Grid	24	static
../Core/Src/LCD_Driver.c:531:6:LCD_Draw_Game_Grid	32	static
../Core/Src/LCD_Driver.c:558:6:LCD_Draw_Score_Screen	24	static
../Core/Src/LCD_Driver.c:610:6:visualDemo	16	static
../Core/Src/LCD_Driver.c:662:6:LCD_Error_Handler	4	static,ignoring_inline_asm
../Core/Src/LCD_Driver.c:677:6:InitializeLCDTouch	8	static
../Core/Src/LCD_Driver.c:685:18:returnTouchStateAndLocation	16	static
../Core/Src/LCD_Driver.c:690:6:DetermineTouchPosition	16	static
../Core/Src/LCD_Driver.c:695:9:ReadRegisterFromTouchModule	16	static
../Core/Src/LCD_Driver.c:700:6:WriteDataToTouchModule	16	static
