../Core/Src/LCD_Driver.c:42:6:LCD_Animate_Falling	32	static
../Core/Src/LCD_Driver.c:51:6:LCD_Update_Game_Start_Time	8	static
../Core/Src/LCD_Driver.c:55:6:LCD_Update_Game_End_Time	8	static
../Core/Src/LCD_Driver.c:59:6:LCD_Update_Game_Length_Time	4	static
../Core/Src/LCD_Driver.c:63:6:LCD_Set_Player	16	static
../Core/Src/LCD_Driver.c:67:9:LCD_Get_Player	4	static
../Core/Src/LCD_Driver.c:71:6:Init_Chip_To_Drop	8	static
../Core/Src/LCD_Driver.c:78:6:Init_Grid	16	static
../Core/Src/LCD_Driver.c:89:6:LCD_GPIO_Init	56	static
../Core/Src/LCD_Driver.c:172:6:LTCD_Layer_Init	72	static
../Core/Src/LCD_Driver.c:199:6:clearScreen	8	static
../Core/Src/LCD_Driver.c:204:6:LTCD__Init	8	static
../Core/Src/LCD_Driver.c:263:6:LCD_Draw_Chip_To_Drop	8	static
../Core/Src/LCD_Driver.c:273:6:LCD_Clear_Chip_To_Drop	8	static
../Core/Src/LCD_Driver.c:277:9:LCD_Get_Chip_To_Drop_Column	4	static
../Core/Src/LCD_Driver.c:281:6:LCD_Update_Chip_To_Drop_Column	16	static
../Core/Src/LCD_Driver.c:294:6:LCD_Update_Chip_To_Drop	16	static
../Core/Src/LCD_Driver.c:300:6:LCD_DRAW_CIRCLE_SKIP_BLUE_BLACK	32	static
../Core/Src/LCD_Driver.c:317:6:LCD_Draw_Pixel	16	static
../Core/Src/LCD_Driver.c:322:6:LCD_Get_Pixel_Color	16	static
../Core/Src/LCD_Driver.c:330:6:LCD_Draw_Circle_Fill	32	static
../Core/Src/LCD_Driver.c:344:6:LCD_Draw_Rectangle_Fill	32	static
../Core/Src/LCD_Driver.c:352:6:LCD_Draw_Vertical_Line	32	static
../Core/Src/LCD_Driver.c:360:6:LCD_Draw_Horizontal_Line	32	static
../Core/Src/LCD_Driver.c:368:6:LCD_Clear	24	static
../Core/Src/LCD_Driver.c:379:6:LCD_SetTextColor	16	static
../Core/Src/LCD_Driver.c:385:6:LCD_SetFont	16	static
../Core/Src/LCD_Driver.c:391:6:LCD_Draw_Char	24	static
../Core/Src/LCD_Driver.c:411:6:LCD_DisplayChar	16	static
../Core/Src/LCD_Driver.c:417:6:LCD_Game_Tie	16	static
../Core/Src/LCD_Driver.c:431:6:LCD_Space_Available_Game_Grid	4	static
../Core/Src/LCD_Driver.c:440:9:LCD_Get_Row_Game_Grid	16	static
../Core/Src/LCD_Driver.c:451:6:LCD_Game_Won_Check_Row	24	static
../Core/Src/LCD_Driver.c:470:6:LCD_Game_Won_Check_Column	24	static
../Core/Src/LCD_Driver.c:489:6:LCD_Game_Won_Check_Up_Right_Diagonal	24	static
../Core/Src/LCD_Driver.c:516:6:LCD_Game_Won_Check_Up_Left_Diagonal	24	static
../Core/Src/LCD_Driver.c:543:6:LCD_Game_Won	16	static
../Core/Src/LCD_Driver.c:568:6:LCD_Insert_Chip_Game_Grid	24	static
../Core/Src/LCD_Driver.c:612:6:LCD_Draw_Start_Screen	8	static
../Core/Src/LCD_Driver.c:630:6:LCD_Draw_Select_Color_Screen	16	static
../Core/Src/LCD_Driver.c:653:6:LCD_Draw_Game_Grid	32	static
../Core/Src/LCD_Driver.c:678:6:LCD_Draw_Score_Screen	1040	static
../Core/Src/LCD_Driver.c:749:6:visualDemo	16	static
../Core/Src/LCD_Driver.c:801:6:LCD_Error_Handler	4	static,ignoring_inline_asm
../Core/Src/LCD_Driver.c:816:6:InitializeLCDTouch	8	static
../Core/Src/LCD_Driver.c:824:18:returnTouchStateAndLocation	16	static
../Core/Src/LCD_Driver.c:829:6:DetermineTouchPosition	16	static
../Core/Src/LCD_Driver.c:834:9:ReadRegisterFromTouchModule	16	static
../Core/Src/LCD_Driver.c:839:6:WriteDataToTouchModule	16	static
