../Core/Src/LCD_Driver.c:43:6:LCD_Animate_Falling	32	static
../Core/Src/LCD_Driver.c:52:6:LCD_Update_Game_Start_Time	8	static
../Core/Src/LCD_Driver.c:56:6:LCD_Update_Game_End_Time	8	static
../Core/Src/LCD_Driver.c:60:6:LCD_Update_Game_Length_Time	4	static
../Core/Src/LCD_Driver.c:64:6:LCD_Set_Player	16	static
../Core/Src/LCD_Driver.c:68:6:Init_Chip_To_Drop	8	static
../Core/Src/LCD_Driver.c:75:6:Init_Grid	16	static
../Core/Src/LCD_Driver.c:86:6:LCD_GPIO_Init	56	static
../Core/Src/LCD_Driver.c:169:6:LTCD_Layer_Init	72	static
../Core/Src/LCD_Driver.c:196:6:clearScreen	8	static
../Core/Src/LCD_Driver.c:201:6:LTCD__Init	8	static
../Core/Src/LCD_Driver.c:260:6:LCD_Draw_Chip_To_Drop	8	static
../Core/Src/LCD_Driver.c:270:6:LCD_Clear_Chip_To_Drop	8	static
../Core/Src/LCD_Driver.c:274:6:LCD_Update_Chip_To_Drop_Column	16	static
../Core/Src/LCD_Driver.c:287:6:LCD_Update_Chip_To_Drop	16	static
../Core/Src/LCD_Driver.c:293:6:LCD_DRAW_CIRCLE_SKIP_BLUE_BLACK	32	static
../Core/Src/LCD_Driver.c:310:6:LCD_Draw_Pixel	16	static
../Core/Src/LCD_Driver.c:315:6:LCD_Get_Pixel_Color	16	static
../Core/Src/LCD_Driver.c:323:6:LCD_Draw_Circle_Fill	32	static
../Core/Src/LCD_Driver.c:337:6:LCD_Draw_Rectangle_Fill	32	static
../Core/Src/LCD_Driver.c:345:6:LCD_Draw_Vertical_Line	32	static
../Core/Src/LCD_Driver.c:353:6:LCD_Draw_Horizontal_Line	32	static
../Core/Src/LCD_Driver.c:361:6:LCD_Clear	24	static
../Core/Src/LCD_Driver.c:372:6:LCD_SetTextColor	16	static
../Core/Src/LCD_Driver.c:378:6:LCD_SetFont	16	static
../Core/Src/LCD_Driver.c:384:6:LCD_Draw_Char	24	static
../Core/Src/LCD_Driver.c:404:6:LCD_DisplayChar	16	static
../Core/Src/LCD_Driver.c:410:6:LCD_Game_Tie	16	static
../Core/Src/LCD_Driver.c:424:6:LCD_Space_Available_Game_Grid	4	static
../Core/Src/LCD_Driver.c:433:9:LCD_Get_Row_Game_Grid	16	static
../Core/Src/LCD_Driver.c:444:6:LCD_Game_Won_Check_Row	24	static
../Core/Src/LCD_Driver.c:463:6:LCD_Game_Won_Check_Column	24	static
../Core/Src/LCD_Driver.c:482:6:LCD_Game_Won_Check_Up_Right_Diagonal	24	static
../Core/Src/LCD_Driver.c:509:6:LCD_Game_Won_Check_Up_Left_Diagonal	24	static
../Core/Src/LCD_Driver.c:536:6:LCD_Game_Won	16	static
../Core/Src/LCD_Driver.c:561:6:LCD_Insert_Chip_Game_Grid	24	static
../Core/Src/LCD_Driver.c:605:6:LCD_Draw_Start_Screen	8	static
../Core/Src/LCD_Driver.c:623:6:LCD_Draw_Select_Color_Screen	16	static
../Core/Src/LCD_Driver.c:646:6:LCD_Draw_Game_Grid	32	static
../Core/Src/LCD_Driver.c:671:6:LCD_Draw_Score_Screen	1040	static
../Core/Src/LCD_Driver.c:742:6:visualDemo	16	static
../Core/Src/LCD_Driver.c:794:6:LCD_Error_Handler	4	static,ignoring_inline_asm
../Core/Src/LCD_Driver.c:809:6:InitializeLCDTouch	8	static
../Core/Src/LCD_Driver.c:817:18:returnTouchStateAndLocation	16	static
../Core/Src/LCD_Driver.c:822:6:DetermineTouchPosition	16	static
../Core/Src/LCD_Driver.c:827:9:ReadRegisterFromTouchModule	16	static
../Core/Src/LCD_Driver.c:832:6:WriteDataToTouchModule	16	static
